// Jest Snapshot v1, https://goo.gl/fbAQLP

exports[`<Login /> tests should render without crash 1`] = `
<div
  class="page page--has-toolbar"
>
  <div
    class="page__top-bar"
  >
    <div>
      <div
        class="top-bar"
      >
        <div
          class="row"
        >
          <div
            class="columns top-bar__left-side"
          >
            <div
              class="top-bar__breadcrumbs"
            >
              <span
                class="top-bar__breadcrumbs-last-item"
              >
                Login
              </span>
            </div>
          </div>
          <div
            class="top-bar__title text-truncate top-bar__right-side"
          >
            Login
          </div>
        </div>
      </div>
      <div
        class="top-bar row"
      >
        <div
          class="columns small-9 top-bar__left-side"
        />
        <div
          class="columns small-3 top-bar__right-side"
        />
      </div>
    </div>
  </div>
  <div
    class="page__content-wrapper"
  >
    <div
      class="argo-container"
    >
      <div
        class="white-box"
      >
        <h3>
          <i
            class="fa fa-shield-alt"
          />
           Login
        </h3>
        <p>
          It may not be necessary to be logged in to use Argo Workflows, it depends on how it is configured.
        </p>
        <p>
          <a
            href="https://argoproj.github.io/argo/argo-server-auth-mode/"
          >
            Learn more
          </a>
          .
        </p>
      </div>
      <div
        class="row"
      >
        <div
          class="columns small-4"
        >
          <p>
            If your organisation has configured 
            <b>
              single sign-on
            </b>
            :
          </p>
          <div>
            <button
              class="argo-button argo-button--base-o"
            >
              <i
                class="fa fa-sign-in-alt"
              />
               Login
            </button>
          </div>
        </div>
        <div
          class="columns small-4"
        >
          <p>
            If your organisation has configured 
            <b>
              client authentication
            </b>
            , get your token using 
            <code>
              argo auth token
            </code>
             and paste in this box:
          </p>
          <div>
            <textarea
              cols="32"
              id="token"
              rows="8"
            />
          </div>
          <div>
            <button
              class="argo-button argo-button--base-o"
            >
              <i
                class="fa fa-sign-in-alt"
              />
               Login
            </button>
          </div>
        </div>
        <div
          class="columns small-4"
        >
          <div>
            <p>
              Something wrong? Try logging out and logging back in:
            </p>
            <button
              class="argo-button argo-button--base-o"
            >
              <i
                class="fa fa-sign-out-alt"
              />
               Logout
            </button>
          </div>
        </div>
      </div>
    </div>
  </div>
</div>
`;
