// Jest Snapshot v1, https://goo.gl/fbAQLP

exports[`Registeration component should render 1`] = `
<div
  class="page page--has-toolbar"
>
  <div
    class="page__top-bar"
  >
    <div>
      <div
        class="top-bar"
      >
        <div
          class="row"
        >
          <div
            class="columns top-bar__left-side"
          >
            <div
              class="top-bar__breadcrumbs"
            >
              <span
                class="top-bar__breadcrumbs-last-item"
              >
                Register
              </span>
            </div>
          </div>
          <div
            class="top-bar__title text-truncate top-bar__right-side"
          >
            Register
          </div>
        </div>
      </div>
      <div
        class="top-bar row"
      >
        <div
          class="columns small-9 top-bar__left-side"
        />
        <div
          class="columns small-3 top-bar__right-side"
        />
      </div>
    </div>
  </div>
  <div
    class="page__content-wrapper"
  >
    <div
      class="argo-container"
    >
      <div
        class="wrapper"
      >
        <div
          class="form-wrapper"
        >
          <form
            novalidate=""
          >
            <div
              class="fullName"
            >
              <label
                for="fullName"
              >
                Full Name
              </label>
              <input
                name="fullName"
                type="text"
              />
            </div>
            <div
              class="email"
            >
              <label
                for="email"
              >
                Email
              </label>
              <input
                name="email"
                type="email"
              />
            </div>
            <div
              class="password"
            >
              <label
                for="password"
              >
                Password
              </label>
              <input
                name="password"
                type="password"
              />
            </div>
            <div
              class="submit"
            >
              <button>
                Register Me
              </button>
            </div>
          </form>
        </div>
      </div>
    </div>
  </div>
</div>
`;
