// Jest Snapshot v1, https://goo.gl/fbAQLP

exports[`Registration component should render 1`] = `
<div
  class="page page--has-toolbar"
>
  <div
    class="page__top-bar"
  >
    <div>
      <div
        class="top-bar"
      >
        <div
          class="row"
        >
          <div
            class="columns top-bar__left-side"
          >
            <div
              class="top-bar__breadcrumbs"
            >
              <span
                class="top-bar__breadcrumbs-last-item"
              >
                Register
              </span>
            </div>
          </div>
          <div
            class="top-bar__title text-truncate top-bar__right-side"
          >
            Register
          </div>
        </div>
      </div>
      <div
        class="top-bar row"
      >
        <div
          class="columns small-9 top-bar__left-side"
        />
        <div
          class="columns small-3 top-bar__right-side"
        />
      </div>
    </div>
  </div>
  <div
    class="page__content-wrapper"
  >
    <div
      class="argo-container"
    >
      <div>
        <h3>
          New Tenant
        </h3>
        Create user(admin) and namespace for workflow
      </div>
      <button
        class="btn btn-primary"
        type="submit"
      >
        Submit
      </button>
      <button
        class="btn btn-secondary"
        type="submit"
      >
        Cancel
      </button>
      <form
        class=""
      >
        <div
          class="container"
        >
          <div
            class="row"
          >
            <div
              class="col"
            >
              <div
                class="form-group"
              >
                <label
                  class="form-label"
                  for="formBasicUsername"
                >
                  User Name*
                </label>
                <input
                  class="form-control"
                  id="formBasicUsername"
                  placeholder="Enter username"
                  type="text"
                />
              </div>
              <div
                class="form-group"
              >
                <label
                  class="form-label"
                  for="formBasicDescription"
                >
                  Description
                </label>
                <textarea
                  class="form-control"
                  id="formBasicDescription"
                  placeholder="Enter description"
                />
              </div>
              <div
                class="form-group"
              >
                <label
                  class="form-label"
                  for="formBasicEmail"
                >
                  Description
                </label>
                <input
                  class="form-control"
                  id="formBasicEmail"
                  placeholder="Enter email"
                  type="email"
                />
              </div>
              <div
                class="form-group"
              >
                <label
                  class="form-label"
                  for="formBasicPassword1"
                >
                  Password
                </label>
                <input
                  class="form-control"
                  id="formBasicPassword1"
                  placeholder="Password"
                  type="password"
                />
              </div>
              <div
                class="form-group"
              >
                <label
                  class="form-label"
                  for="formBasicPassword2"
                >
                  Confirm Password
                </label>
                <input
                  class="form-control"
                  id="formBasicPassword2"
                  placeholder="Password again"
                  type="password"
                />
              </div>
            </div>
            <div
              class="col"
            >
              <div
                class="form-group"
              >
                <label
                  class="form-label"
                  for="formBasicEmail"
                >
                  Namespace Name*
                </label>
                <input
                  class="form-control"
                  id="formBasicEmail"
                  placeholder="Enter namespace"
                  type="string"
                />
                <small
                  class="text-muted form-text"
                >
                  We'll never share your email with anyone else.
                </small>
              </div>
              <div
                class="form-group"
              >
                <label
                  class="form-label"
                  for="formBasicDescriptionNamespace"
                >
                  Namespace Description
                </label>
                <textarea
                  class="form-control"
                  id="formBasicDescriptionNamespace"
                  placeholder="Enter namespace description"
                />
              </div>
              <label
                class="form-label"
              >
                Quota
              </label>
              <div
                class="input-group"
              >
                <input
                  class="form-control"
                  placeholder="CPU"
                />
                <div
                  class="input-group-append"
                >
                  <button
                    class="btn btn-outline-secondary"
                    type="button"
                  >
                    +
                  </button>
                  <button
                    class="btn btn-outline-secondary"
                    type="button"
                  >
                    -
                  </button>
                </div>
              </div>
              <div
                class="input-group"
              >
                <input
                  class="form-control"
                  placeholder="Memory"
                />
                <div
                  class="input-group-append"
                >
                  <button
                    class="btn btn-outline-secondary"
                    type="button"
                  >
                    +
                  </button>
                  <button
                    class="btn btn-outline-secondary"
                    type="button"
                  >
                    -
                  </button>
                </div>
              </div>
            </div>
          </div>
        </div>
      </form>
    </div>
  </div>
</div>
`;
